======================================================================
CellxGene Harvester - 5 Count Normal Cells
======================================================================
Started : 2026-07-31 15:07:21
Log file: data/homo_sapiens_retina_v2_harvester_with_normal_counts.log
Command : python /mnt/libraries/envs/cellxgene/bin/cellxgene-harvester count-normal-cells --uberon data/uberon_retina.json --disease data/disease_normal.json --hsapdv data/hsapdv_adult_15.json data/homo_sapiens_retina_v2_harvester.csv

UBERON file  : data/uberon_retina.json
Disease file : data/disease_normal.json
HsapDv file  : data/hsapdv_adult_15.json
Output       : data/homo_sapiens_retina_v2_harvester_with_normal_counts.csv

  Loaded UBERON JSON : data/uberon_retina.json
  Root terms          : retina
  Total obo_ids       : 54
  Loaded disease JSON : data/disease_normal.json
  Root terms          : normal
  Total obo_ids       : 1
  Loaded HsapDv JSON : data/hsapdv_adult_15.json
  Root terms          : 15-year-old stage, prime adult stage, adult stage, young adult stage, 15-19 year-old
  Total obo_ids       : 119

Resuming from: data/homo_sapiens_retina_v2_harvester_with_normal_counts.csv (46 datasets)
Already processed: 39 / 46

Opening Census connection (once for all datasets)...
Census connection open

[1/46] SKIP (already done: 18011 normal cells) - ed419b4e-db9b-40f1-8593-68fdf8dfb076
[2/46] SKIP (already done: 11617 normal cells) - aad97cb5-f375-45ef-ae9d-178e7f5d5180
[3/46] SKIP (already done: 53040 normal cells) - 8f10185b-e0b3-46a5-8706-7f1799225d79
[4/46] SKIP (already done: 56507 normal cells) - 359f7af4-87d4-4117-9d6c-ca4cfa1f3f0b
[5/46] SKIP (already done: 7348 normal cells) - 11ef37ee-2173-458e-aab8-7fe35da8e47b
[6/46] SKIP (already done: 244474 normal cells) - 0129dbd9-a7d3-4f6b-96b9-1da155a93748
[7/46] SKIP (already done: 21422 normal cells) - 00e5dedd-b9b7-43be-8c28-b0e5c6414a62
[8/46] SKIP (already done: 0 normal cells) - aecc2743-4ff2-4b55-ac8c-a1ff76fc4bb4
[9/46] SKIP (already done: 11404 normal cells) - d319af7f-be2e-441e-8caa-3b8a88480e89
[10/46] SKIP (already done: 22125 normal cells) - bc7260e0-54cf-4b0b-823d-93f5b850f757
[11/46] SKIP (already done: 25908 normal cells) - 8623d55f-d91c-41c2-ae68-ed2072fd268d
[12/46] SKIP (already done: 9070 normal cells) - 7b75b2c4-6d99-40be-9a61-391455d859e6
[13/46] SKIP (already done: 13607 normal cells) - 5cdbb2ea-c622-466d-9ead-7884ad8cb99f
[14/46] SKIP (already done: 2868 normal cells) - 2f6a20f1-173d-4b8d-860b-c47ffea120fa
[15/46] SKIP (already done: 20091 normal cells) - 856c1b98-5727-49da-bf0f-151bdb8cb056
[16/46] SKIP (already done: 77300 normal cells) - 9f1a899f-05a0-44c5-8aa9-39df61ae4324
[17/46] SKIP (already done: 51645 normal cells) - 322c816f-608a-4da1-99c4-36ca4ad45146
[18/46] SKIP (already done: 6101 normal cells) - f8c77961-67a7-4161-b8c2-61c3f917b54f
[19/46] SKIP (already done: 100055 normal cells) - e6dad530-418b-47f9-af6e-472e56a7b314
[20/46] SKIP (already done: 395 normal cells) - de17ac25-550a-4018-be75-bbb485a0636e
[21/46] SKIP (already done: 1378 normal cells) - d95ab381-2b7c-4885-b168-0097ed4e397f
[22/46] SKIP (already done: 1777 normal cells) - cec9f9a5-8832-437d-99af-fb8237cde54b
[23/46] SKIP (already done: 1875 normal cells) - c3d381b2-3104-444e-8ad5-d3524407bbb6
[24/46] SKIP (already done: 8193 normal cells) - ab5b2256-b209-48b5-a801-c5d9a8c0de56
[25/46] SKIP (already done: 1635 normal cells) - 9cfee1e6-b24f-433d-a269-f01841655d6a
[26/46] SKIP (already done: 16540 normal cells) - 4e38f019-f8e8-44ae-ad32-ba500de6f64c
[27/46] SKIP (already done: 62509 normal cells) - 389bfbb9-8ef1-4582-8c41-410131c3d0eb
[28/46] SKIP (already done: 32375 normal cells) - ccfdcad0-7104-46b9-addf-fd66a2a15907
[29/46] SKIP (already done: 19768 normal cells) - babbf9f3-f482-45a5-ba76-c41f4c2f503e
[30/46] SKIP (already done: 0 normal cells) - 7e7f63c5-d964-40be-83de-ecbcccafd233
[31/46] SKIP (already done: 0 normal cells) - 963a08cb-d995-4862-9614-f9d38a7d7540
[32/46] SKIP (already done: 40 normal cells) - c5d88abe-f23a-45fa-a534-788985e93dad
[33/46] SKIP (already done: 331 normal cells) - a68b64d8-aee3-4947-81b7-36b8fe5a44d2
[34/46] SKIP (already done: 721 normal cells) - a0754256-f44b-4c4a-962c-a552e47d3fdc
[35/46] SKIP (already done: 350 normal cells) - 6e4acdae-59ef-452b-a6d4-260cba368586
[36/46] SKIP (already done: 721 normal cells) - 53d208b0-2cfd-4366-9866-c3c6114081bc
[37/46] SKIP (already done: 17884 normal cells) - d5c67a4e-a8d9-456d-a273-fa01adb1b308
[38/46] SKIP (already done: 30401 normal cells) - f5be9ed2-5d41-4a52-91e4-4ff24ff84900
[39/46] SKIP (already done: 20587 normal cells) - e404d417-56e4-40a5-b3c6-69e9f92d8cbd

[40/46] d6505c89-c43d-4c28-8c4f-7351a5fd5528
  Li (2026.0) - Nat Genet
    Querying Census (server-side filtered)...
    Census returned 3,177,310 cells (tissue+disease filtered)
  [age filter (HsapDv IDs)]
    Before : 3,177,310 cells
    After  : 3,137,294 cells
    Removed:   40,016 cells  (1.3%)
  SUCCESS: 3,137,294 normal cells

[41/46] be41a86a-b606-4b1c-8055-32f334898775
  Li (2026.0) - Nat Genet
    Querying Census (server-side filtered)...
    Census returned 241,884 cells (tissue+disease filtered)
  [age filter (HsapDv IDs)]
    Before :  241,884 cells
    After  :  241,884 cells
    Removed:        0 cells  (0.0%)
  SUCCESS: 241,884 normal cells

[42/46] 975fd2d3-1982-47a1-9ef7-8cde3345f219
  Li (2026.0) - Nat Genet
    Querying Census (server-side filtered)...
    Census returned 691,008 cells (tissue+disease filtered)
  [age filter (HsapDv IDs)]
    Before :  691,008 cells
    After  :  681,179 cells
    Removed:    9,829 cells  (1.4%)
  SUCCESS: 681,179 normal cells

[43/46] 95ce06a0-7de9-4ab2-bcd1-a6625f55e7e3
  Li (2026.0) - Nat Genet
    Querying Census (server-side filtered)...
    Census returned 372,816 cells (tissue+disease filtered)
  [age filter (HsapDv IDs)]
    Before :  372,816 cells
    After  :  372,139 cells
    Removed:      677 cells  (0.2%)
  SUCCESS: 372,139 normal cells

[44/46] 8c0a3574-b0ad-4e4f-b5d3-d1a743b00d4a
  Li (2026.0) - Nat Genet
    Querying Census (server-side filtered)...
    Census returned 571,579 cells (tissue+disease filtered)
  [age filter (HsapDv IDs)]
    Before :  571,579 cells
    After  :  568,107 cells
    Removed:    3,472 cells  (0.6%)
  SUCCESS: 568,107 normal cells

[45/46] 547b47fa-d4e4-439e-bace-5b3b0f45fa23
  Li (2026.0) - Nat Genet
    Querying Census (server-side filtered)...
    Census returned 345,257 cells (tissue+disease filtered)
  [age filter (HsapDv IDs)]
    Before :  345,257 cells
    After  :  344,619 cells
    Removed:      638 cells  (0.2%)
  SUCCESS: 344,619 normal cells

[46/46] 459dc9de-9ab8-4e4d-ac44-182595b1c18b
  Li (2026.0) - Nat Genet
    Querying Census (server-side filtered)...
    Census returned 69,665 cells (tissue+disease filtered)
  [age filter (HsapDv IDs)]
    Before :   69,665 cells
    After  :   69,665 cells
    Removed:        0 cells  (0.0%)
  SUCCESS: 69,665 normal cells

======================================================================
  Resumed (already done) : 39
  Newly processed        : 7
  Failed                 : 0
  Skipped (no ID)        : 0

======================================================================
Finished: 2026-07-31 15:10:01
Output  : data/homo_sapiens_retina_v2_harvester_with_normal_counts.csv
======================================================================
