======================================================================
CellxGene Harvester - 0 Resolve Uberon
======================================================================
Started : 2026-02-15 15:50:46
Log file: data/uberon_heart.log
Command : python bin/0_resolve_uberon.py heart


Resolving: 'heart'
  Searching OLS4 for: 'heart'
  Exact match: UBERON:0000948  heart
  Root term: UBERON:0000948  heart
  Found 250 descendants for UBERON:0000948
  [terms resolved for 'heart']
    Before :        1 terms
    After  :      251 terms
    Removed:     -250 terms  (-25000.0%)
  [deduplication]
    Before :      251 terms
    After  :      251 terms
    Removed:        0 terms  (0.0%)

Saved JSON: data/uberon_heart.json
Saved CSV : data/uberon_heart.csv
Total terms: 251  (root + descendants)

======================================================================
Finished: 2026-02-15 15:50:49
Output  : data/uberon_heart.csv
======================================================================
