======================================================================
CellxGene Harvester - 0 Resolve Uberon
======================================================================
Started : 2026-02-15 15:45:25
Log file: data/uberon_skin.log
Command : python bin/0_resolve_uberon.py skin


Resolving: 'skin'
  Searching OLS4 for: 'skin'
  Top matches:
    1. UBERON:0001003        skin epidermis
    2. UBERON:0000014        zone of skin
    3. UBERON:0002097        skin of body
    4. UBERON:0002199        integument
    5. UBERON:0003530        pedal digit skin
  Selected: UBERON:0002097  skin of body
  Root term: UBERON:0002097  skin of body
  Found 343 descendants for UBERON:0002097
  [terms resolved for 'skin']
    Before :        1 terms
    After  :      344 terms
    Removed:     -343 terms  (-34300.0%)
  [deduplication]
    Before :      344 terms
    After  :      344 terms
    Removed:        0 terms  (0.0%)

Saved JSON: data/uberon_skin.json
Saved CSV : data/uberon_skin.csv
Total terms: 344  (root + descendants)

======================================================================
Finished: 2026-02-15 15:45:35
Output  : data/uberon_skin.csv
======================================================================
