======================================================================
CellxGene Harvester - 0 Resolve Uberon
======================================================================
Started : 2026-07-31 15:17:45
Log file: data/uberon_neocortex.log
Command : python /mnt/libraries/envs/cellxgene/bin/cellxgene-harvester resolve-uberon neocortex


Resolving: 'neocortex'
  Searching OLS4 for: 'neocortex'
  Exact match: UBERON:0001950  neocortex
  Root term: UBERON:0001950  neocortex
  Found 100 descendants for UBERON:0001950
  [terms resolved for 'neocortex']
    Before :        1 terms
    After  :      101 terms
    Removed:     -100 terms  (-10000.0%)
  [deduplication]
    Before :      101 terms
    After  :      101 terms
    Removed:        0 terms  (0.0%)

Saved JSON: data/uberon_neocortex.json
Saved CSV : data/uberon_neocortex.csv
Total terms: 101  (root + descendants)

======================================================================
Finished: 2026-07-31 15:17:47
Output  : data/uberon_neocortex.csv
======================================================================
