======================================================================
CellxGene Harvester - 4 Filter Datasets
======================================================================
Started : 2026-07-31 15:20:12
Log file: data/homo_sapiens_neocortext_harvester.log
Command : python /mnt/libraries/envs/cellxgene/bin/cellxgene-harvester filter-datasets --uberon data/uberon_neocortex.json --disease data/disease_normal.json --organism Homo sapiens --no-preprints --exclude-cancer --exclude-spatial --output data/homo_sapiens_neocortext_harvester.csv data/all_datasets_complete.csv

Input : data/all_datasets_complete.csv
Loaded 2,210 datasets

  Loaded UBERON JSON : data/uberon_neocortex.json
  Root terms          : neocortex
  Total obo_ids       : 101
  [UBERON ontology ID tissue filter]
    Before :    2,210 datasets
    After  :      252 datasets
    Removed:    1,958 datasets  (88.6%)
  Loaded disease JSON : data/disease_normal.json
  Root terms          : normal
  Total obo_ids       : 1
  [disease ontology ID filter (inclusive)]
    Before :      252 datasets
    After  :      247 datasets
    Removed:        5 datasets  (2.0%)
  [organism filter (Homo sapiens)]
    Before :      247 datasets
    After  :      175 datasets
    Removed:       72 datasets  (29.1%)
  [preprint exclusion]
    Before :      175 datasets
    After  :      167 datasets
    Removed:        8 datasets  (4.6%)
  [cancer exclusion]
    Before :      167 datasets
    After  :      167 datasets
    Removed:        0 datasets  (0.0%)
  [spatial exclusion]
    Before :      167 datasets
    After  :      167 datasets
    Removed:        0 datasets  (0.0%)

  [TOTAL]
    Before :    2,210 datasets
    After  :      167 datasets
    Removed:    2,043 datasets  (92.4%)

======================================================================
Finished: 2026-07-31 15:20:12
Output  : data/homo_sapiens_neocortext_harvester.csv
======================================================================
